// Jest Snapshot v1, https://goo.gl/fbAQLP

exports[`<OutsideClickHandler /> #render should match to snapshot when render by default 1`] = `
<div>
  <span />
</div>
`;
